// Jest Snapshot v1, https://goo.gl/fbAQLP

exports[`<Header /> matches snapshot 1`] = `
<header
  className="header"
>
  <img
    alt="logo"
    className="logo"
    src="logo.svg"
  />
  <h1
    className="title"
  >
    Welcome to React 
  </h1>
</header>
`;
