// Jest Snapshot v1, https://goo.gl/fbAQLP

exports[`<ReactContributors /> matches snapshot 1`] = `
<div>
  <button>
    Get React Contributors
  </button>
  <div>
    <div>
      Loading...
    </div>
  </div>
</div>
`;
