// Jest Snapshot v1, https://goo.gl/fbAQLP

exports[`<ContributorFilter /> matches snapshot 1`] = `
<p>
  Show: 
  <FilterLink
    filter="SHOW_ALL"
  >
    All
  </FilterLink>
  , 
  <FilterLink
    filter="SHOW_TOP_CONTRIBUTORS"
  >
    Top Contributors
  </FilterLink>
</p>
`;
